---
source: day10/src/main.rs
expression: part2(input)
---
[
    "####.####.#..#..##..#....###...##..###..",
    "#....#....#..#.#..#.#....#..#.#..#.#..#.",
    "###..###..#..#.#....#....#..#.#..#.#..#.",
    "#....#....#..#.#.##.#....###..####.###..",
    "#....#....#..#.#..#.#....#....#..#.#....",
    "####.#.....##...###.####.#....#..#.#....",
]
